[backblue.gif]
[fade.gif]
[index.html]
[benoitbossy.ch/site.webmanifest]
[benoitbossy.ch/favicon.ico]
[benoitbossy.ch/icon.png]
[benoitbossy.ch/img/1.jpg]
[benoitbossy.ch/img/2.jpg]
[benoitbossy.ch/img/3.jpg]
[benoitbossy.ch/img/4.jpg]
[benoitbossy.ch/index.html]
[benoitbossy.ch/css/normalize.css]
[benoitbossy.ch/css/main.css]
[benoitbossy.ch/img/5.jpg]
[benoitbossy.ch/index-2.html]
[benoitbossy.ch/img/dino.png]
[benoitbossy.ch/about.html]
[benoitbossy.ch/js/vendor/modernizr-3.7.1.min.js]
[benoitbossy.ch/skysport.html]
[benoitbossy.ch/strecke.html]
[benoitbossy.ch/js/vendor/jquery-3.3.1.min.js]
[benoitbossy.ch/js/jquery-3.4.0.min.js]
[benoitbossy.ch/hokusai.html]
[benoitbossy.ch/blade.html]
[benoitbossy.ch/js/vendor/jquery.smoothState.js]
[benoitbossy.ch/skyshow.html]
[benoitbossy.ch/js/vendor/wow.min.js]
[benoitbossy.ch/js/vendor/marquee3k.js]
[benoitbossy.ch/js/vendor/horizontal-scroll.js]
[benoitbossy.ch/js/vendor/jquery.toasty.js]
[benoitbossy.ch/js/vendor/charming.min.js]
[benoitbossy.ch/js/main.js]
[code.jquery.com/jquery-3.2.1.min.js]
[benoitbossy.ch/fonts/EuclidFlex-Regular.eot]
[benoitbossy.ch/fonts/EuclidFlex-Regulard41d.eot]
[benoitbossy.ch/fonts/EuclidFlex-Regular.ttf]
[benoitbossy.ch/fonts/EuclidFlex-Regular.woff]
[benoitbossy.ch/fonts/EuclidFlex-Regular.woff2]
[benoitbossy.ch/fonts/EuclidFlexTrial-Bold.otf]
[benoitbossy.ch/img/loading.png]
[benoitbossy.ch/img/menu.html]
[benoitbossy.ch/img/drop.png]
[benoitbossy.ch/img/me.jpg]
[benoitbossy.ch/documents/benoit_bossy_cv.pdf]
[benoitbossy.ch/img/skySport/1.jpg]
[benoitbossy.ch/img/skySport/3.png]
[benoitbossy.ch/img/skySport/modules/match1.png]
[benoitbossy.ch/img/skySport/modules/match2.png]
[benoitbossy.ch/img/skySport/modules/match3.png]
[benoitbossy.ch/img/skySport/modules/match4.png]
[benoitbossy.ch/img/skySport/modules/match5.png]
[benoitbossy.ch/img/skySport/modules/match6.png]
[benoitbossy.ch/img/skySport/modules/match7.png]
[benoitbossy.ch/img/skySport/4.jpg]
[benoitbossy.ch/img/skySport/5.jpg]
[player.vimeo.com/api/player.js]
[benoitbossy.ch/img/skySport/6.jpg]
[benoitbossy.ch/img/strecke/1.jpg]
[benoitbossy.ch/img/strecke/2.jpg]
[benoitbossy.ch/img/strecke/3.jpg]
[benoitbossy.ch/img/strecke/4.jpg]
[benoitbossy.ch/img/strecke/5.jpg]
[benoitbossy.ch/img/strecke/6.jpg]
[benoitbossy.ch/img/hokusai/1.jpg]
[benoitbossy.ch/img/hokusai/2.jpg]
[benoitbossy.ch/img/hokusai/3.jpg]
[benoitbossy.ch/img/hokusai/4.jpg]
[benoitbossy.ch/img/hokusai/5.jpg]
[benoitbossy.ch/img/blade/1.jpg]
[benoitbossy.ch/img/blade/2.jpg]
[benoitbossy.ch/img/blade/3.jpg]
[benoitbossy.ch/img/blade/4.jpg]
[benoitbossy.ch/img/blade/5.jpg]
[benoitbossy.ch/img/blade/6.jpg]
[benoitbossy.ch/img/skyShow/1.jpg]
[benoitbossy.ch/img/skyShow/2.jpg]
[benoitbossy.ch/img/skyShow/3.jpg]
[benoitbossy.ch/img/skyShow/4.jpg]
[benoitbossy.ch/img/skyShow/5.jpg]
[benoitbossy.ch/img/skyShow/6.jpg]
[www.google-analytics.com/analytics.js]
[unpkg.com/imagesloaded@4.1.4/imagesloaded.pkgd.min.js]
[cdnjs.cloudflare.com/ajax/libs/gsap/2.1.2/TweenMax.min.js]
[benoitbossy.ch/fonts/bar.h]
[benoitbossy.ch/fonts/bar-2.html]
[benoitbossy.ch/fonts/EuclidFlex-Regular.svg]
[benoitbossy.ch/img/menu.html]
[benoitbossy.ch/img/arrow.svg]
[benoitbossy.ch/fonts/bar.html]
[benoitbossy.ch/fonts/bar-2.html]
